// Jest Snapshot v1, https://goo.gl/fbAQLP

exports[`PCover.vue snapshot testing 1`] = `
<div
  class="flex p-5 text-white bg-gradient-to-r from-blue-500 to-green-300 "
>
  <img
    alt="image alt"
    class="max-w-lg w-60 h-60 border"
    src="https://test.jpg"
  />
  <div
    class="flex-1 ml-5"
  >
    
    <stub />
    
  </div>
</div>
`;
